../Drivers/STM32F1xx_HAL_Driver/Src/stm32f1xx_hal.c:142:19:HAL_Init	8	static
../Drivers/STM32F1xx_HAL_Driver/Src/stm32f1xx_hal.c:174:19:HAL_DeInit	8	static
../Drivers/STM32F1xx_HAL_Driver/Src/stm32f1xx_hal.c:198:13:HAL_MspInit	4	static
../Drivers/STM32F1xx_HAL_Driver/Src/stm32f1xx_hal.c:208:13:HAL_MspDeInit	4	static
../Drivers/STM32F1xx_HAL_Driver/Src/stm32f1xx_hal.c:230:26:HAL_InitTick	16	static
../Drivers/STM32F1xx_HAL_Driver/Src/stm32f1xx_hal.c:284:13:HAL_IncTick	4	static
../Drivers/STM32F1xx_HAL_Driver/Src/stm32f1xx_hal.c:294:17:HAL_GetTick	4	static
../Drivers/STM32F1xx_HAL_Driver/Src/stm32f1xx_hal.c:302:10:HAL_GetTickPrio	4	static
../Drivers/STM32F1xx_HAL_Driver/Src/stm32f1xx_hal.c:310:19:HAL_SetTickFreq	24	static
../Drivers/STM32F1xx_HAL_Driver/Src/stm32f1xx_hal.c:339:21:HAL_GetTickFreq	4	static
../Drivers/STM32F1xx_HAL_Driver/Src/stm32f1xx_hal.c:354:13:HAL_Delay	24	static
../Drivers/STM32F1xx_HAL_Driver/Src/stm32f1xx_hal.c:377:13:HAL_SuspendTick	4	static
../Drivers/STM32F1xx_HAL_Driver/Src/stm32f1xx_hal.c:392:13:HAL_ResumeTick	4	static
../Drivers/STM32F1xx_HAL_Driver/Src/stm32f1xx_hal.c:401:10:HAL_GetHalVersion	4	static
../Drivers/STM32F1xx_HAL_Driver/Src/stm32f1xx_hal.c:416:10:HAL_GetREVID	4	static
../Drivers/STM32F1xx_HAL_Driver/Src/stm32f1xx_hal.c:431:10:HAL_GetDEVID	4	static
../Drivers/STM32F1xx_HAL_Driver/Src/stm32f1xx_hal.c:439:10:HAL_GetUIDw0	4	static
../Drivers/STM32F1xx_HAL_Driver/Src/stm32f1xx_hal.c:447:10:HAL_GetUIDw1	4	static
../Drivers/STM32F1xx_HAL_Driver/Src/stm32f1xx_hal.c:455:10:HAL_GetUIDw2	4	static
../Drivers/STM32F1xx_HAL_Driver/Src/stm32f1xx_hal.c:463:6:HAL_DBGMCU_EnableDBGSleepMode	4	static
../Drivers/STM32F1xx_HAL_Driver/Src/stm32f1xx_hal.c:478:6:HAL_DBGMCU_DisableDBGSleepMode	4	static
../Drivers/STM32F1xx_HAL_Driver/Src/stm32f1xx_hal.c:507:6:HAL_DBGMCU_EnableDBGStopMode	4	static
../Drivers/STM32F1xx_HAL_Driver/Src/stm32f1xx_hal.c:522:6:HAL_DBGMCU_DisableDBGStopMode	4	static
../Drivers/STM32F1xx_HAL_Driver/Src/stm32f1xx_hal.c:537:6:HAL_DBGMCU_EnableDBGStandbyMode	4	static
../Drivers/STM32F1xx_HAL_Driver/Src/stm32f1xx_hal.c:552:6:HAL_DBGMCU_DisableDBGStandbyMode	4	static
